[1m[33mPrebundling has been configured but will not be used because scripts optimization is enabled.[39m[22m
[1m[33m
Warning: This is a simple server for use in testing or debugging Angular applications
locally. It hasn't been reviewed for security issues.

Binding this server to an open connection can result in compromising your application or
computer. Using a different host than the one passed to the "--host" flag might result in
websocket connection issues.
    [39m[22m
[1m[31m[31mX [41;31m[[41;97mERROR[41;31m][0m [1mTS2304: Cannot find name 'TwoFactorSetupResponse'.[0m [1m[35m[plugin angular-compiler][0m

    src/app/core/auth/auth.service.ts:61:26:
[37m      61 │ ...eturn this.http.post<[32mTwoFactorSetupResponse[37m>(`${environment.api...
         ╵                         [32m~~~~~~~~~~~~~~~~~~~~~~[0m


[31mX [41;31m[[41;97mERROR[41;31m][0m [1mTS2304: Cannot find name 'ChangePasswordRequest'.[0m [1m[35m[plugin angular-compiler][0m

    src/app/core/auth/auth.service.ts:68:42:
[37m      68 │   changePassword(userId: string, request: [32mChangePasswordRequest[37m) {
         ╵                                           [32m~~~~~~~~~~~~~~~~~~~~~[0m

[39m[22m
[1m[31m[31mX [41;31m[[41;97mERROR[41;31m][0m [1mTS2304: Cannot find name 'TwoFactorSetupResponse'.[0m [1m[35m[plugin angular-compiler][0m

    src/app/core/auth/auth.service.ts:61:26:
[37m      61 │ ...eturn this.http.post<[32mTwoFactorSetupResponse[37m>(`${environment.api...
         ╵                         [32m~~~~~~~~~~~~~~~~~~~~~~[0m


[31mX [41;31m[[41;97mERROR[41;31m][0m [1mTS2304: Cannot find name 'ChangePasswordRequest'.[0m [1m[35m[plugin angular-compiler][0m

    src/app/core/auth/auth.service.ts:68:42:
[37m      68 │   changePassword(userId: string, request: [32mChangePasswordRequest[37m) {
         ╵                                           [32m~~~~~~~~~~~~~~~~~~~~~[0m

[39m[22m
[1m[31m[31mX [41;31m[[41;97mERROR[41;31m][0m [1mTS2304: Cannot find name 'TwoFactorSetupResponse'.[0m [1m[35m[plugin angular-compiler][0m

    src/app/core/auth/auth.service.ts:61:26:
[37m      61 │ ...eturn this.http.post<[32mTwoFactorSetupResponse[37m>(`${environment.api...
         ╵                         [32m~~~~~~~~~~~~~~~~~~~~~~[0m


[31mX [41;31m[[41;97mERROR[41;31m][0m [1mTS2304: Cannot find name 'ChangePasswordRequest'.[0m [1m[35m[plugin angular-compiler][0m

    src/app/core/auth/auth.service.ts:68:42:
[37m      68 │   changePassword(userId: string, request: [32mChangePasswordRequest[37m) {
         ╵                                           [32m~~~~~~~~~~~~~~~~~~~~~[0m


[31mX [41;31m[[41;97mERROR[41;31m][0m [1mTS2304: Cannot find name 'PrintSalesInvoiceResponse'.[0m [1m[35m[plugin angular-compiler][0m

    src/app/features/billing/billing.service.ts:82:26:
[37m      82 │ ...urn this.http.post<[32mPrintSalesInvoiceResponse[37m>(`${this.base}/sal...
         ╵                       [32m~~~~~~~~~~~~~~~~~~~~~~~~~[0m


[31mX [41;31m[[41;97mERROR[41;31m][0m [1mTS2304: Cannot find name 'SalesInvoiceDto'.[0m [1m[35m[plugin angular-compiler][0m

    src/app/features/billing/billing.service.ts:86:26:
[37m      86 │     return this.http.post<[32mSalesInvoiceDto[37m>(`${this.base}/sales/${i...
         ╵                           [32m~~~~~~~~~~~~~~~[0m

[39m[22m
[1m[31m[31mX [41;31m[[41;97mERROR[41;31m][0m [1mTS2304: Cannot find name 'PrintSalesInvoiceResponse'.[0m [1m[35m[plugin angular-compiler][0m

    src/app/features/billing/billing.service.ts:82:26:
[37m      82 │ ...urn this.http.post<[32mPrintSalesInvoiceResponse[37m>(`${this.base}/sal...
         ╵                       [32m~~~~~~~~~~~~~~~~~~~~~~~~~[0m


[31mX [41;31m[[41;97mERROR[41;31m][0m [1mTS2304: Cannot find name 'SalesInvoiceDto'.[0m [1m[35m[plugin angular-compiler][0m

    src/app/features/billing/billing.service.ts:86:26:
[37m      86 │     return this.http.post<[32mSalesInvoiceDto[37m>(`${this.base}/sales/${i...
         ╵                           [32m~~~~~~~~~~~~~~~[0m

[39m[22m
[1m[31m[31mX [41;31m[[41;97mERROR[41;31m][0m [1mTS2304: Cannot find name 'SalesInvoiceDto'.[0m [1m[35m[plugin angular-compiler][0m

    src/app/features/billing/billing.service.ts:90:26:
[37m      90 │     return this.http.post<[32mSalesInvoiceDto[37m>(`${this.base}/sales/${i...
         ╵                           [32m~~~~~~~~~~~~~~~[0m

[39m[22m
[1m[31m[31mX [41;31m[[41;97mERROR[41;31m][0m [1mTS2304: Cannot find name 'SalesInvoiceDto'.[0m [1m[35m[plugin angular-compiler][0m

    src/app/features/billing/billing.service.ts:90:26:
[37m      90 │     return this.http.post<[32mSalesInvoiceDto[37m>(`${this.base}/sales/${i...
         ╵                           [32m~~~~~~~~~~~~~~~[0m

[39m[22m
[1m[31m[31mX [41;31m[[41;97mERROR[41;31m][0m [1mTS2304: Cannot find name 'SalesInvoiceDto'.[0m [1m[35m[plugin angular-compiler][0m

    src/app/features/billing/billing.service.ts:90:26:
[37m      90 │     return this.http.post<[32mSalesInvoiceDto[37m>(`${this.base}/sales/${i...
         ╵                           [32m~~~~~~~~~~~~~~~[0m


[31mX [41;31m[[41;97mERROR[41;31m][0m [1mTS2300: Duplicate identifier 'MatButtonModule'.[0m [1m[35m[plugin angular-compiler][0m

    src/app/features/settings/settings.component.ts:3:9:
[37m      3 │ import { [32mMatButtonModule[37m } from '@angular/material/button';
        ╵          [32m~~~~~~~~~~~~~~~[0m


[31mX [41;31m[[41;97mERROR[41;31m][0m [1mTS2300: Duplicate identifier 'MatIconModule'.[0m [1m[35m[plugin angular-compiler][0m

    src/app/features/settings/settings.component.ts:4:9:
[37m      4 │ import { [32mMatIconModule[37m } from '@angular/material/icon';
        ╵          [32m~~~~~~~~~~~~~[0m


[31mX [41;31m[[41;97mERROR[41;31m][0m [1mTS2300: Duplicate identifier 'MatButtonModule'.[0m [1m[35m[plugin angular-compiler][0m

    src/app/features/settings/settings.component.ts:11:9:
[37m      11 │ import { [32mMatButtonModule[37m } from '@angular/material/button';
         ╵          [32m~~~~~~~~~~~~~~~[0m


[31mX [41;31m[[41;97mERROR[41;31m][0m [1mTS2300: Duplicate identifier 'MatIconModule'.[0m [1m[35m[plugin angular-compiler][0m

    src/app/features/settings/settings.component.ts:12:9:
[37m      12 │ import { [32mMatIconModule[37m } from '@angular/material/icon';
         ╵          [32m~~~~~~~~~~~~~[0m

[39m[22m
[1m[31m[31mX [41;31m[[41;97mERROR[41;31m][0m [1mTS2304: Cannot find name 'SalesInvoiceDto'.[0m [1m[35m[plugin angular-compiler][0m

    src/app/features/billing/billing.service.ts:90:26:
[37m      90 │     return this.http.post<[32mSalesInvoiceDto[37m>(`${this.base}/sales/${i...
         ╵                           [32m~~~~~~~~~~~~~~~[0m


[31mX [41;31m[[41;97mERROR[41;31m][0m [1mTS2300: Duplicate identifier 'MatButtonModule'.[0m [1m[35m[plugin angular-compiler][0m

    src/app/features/settings/settings.component.ts:3:9:
[37m      3 │ import { [32mMatButtonModule[37m } from '@angular/material/button';
        ╵          [32m~~~~~~~~~~~~~~~[0m


[31mX [41;31m[[41;97mERROR[41;31m][0m [1mTS2300: Duplicate identifier 'MatIconModule'.[0m [1m[35m[plugin angular-compiler][0m

    src/app/features/settings/settings.component.ts:4:9:
[37m      4 │ import { [32mMatIconModule[37m } from '@angular/material/icon';
        ╵          [32m~~~~~~~~~~~~~[0m


[31mX [41;31m[[41;97mERROR[41;31m][0m [1mTS2300: Duplicate identifier 'MatButtonModule'.[0m [1m[35m[plugin angular-compiler][0m

    src/app/features/settings/settings.component.ts:11:9:
[37m      11 │ import { [32mMatButtonModule[37m } from '@angular/material/button';
         ╵          [32m~~~~~~~~~~~~~~~[0m


[31mX [41;31m[[41;97mERROR[41;31m][0m [1mTS2300: Duplicate identifier 'MatIconModule'.[0m [1m[35m[plugin angular-compiler][0m

    src/app/features/settings/settings.component.ts:12:9:
[37m      12 │ import { [32mMatIconModule[37m } from '@angular/material/icon';
         ╵          [32m~~~~~~~~~~~~~[0m

[39m[22m
[1m[31m[31mX [41;31m[[41;97mERROR[41;31m][0m [1mTS2304: Cannot find name 'SalesInvoiceDto'.[0m [1m[35m[plugin angular-compiler][0m

    src/app/features/billing/billing.service.ts:90:26:
[37m      90 │     return this.http.post<[32mSalesInvoiceDto[37m>(`${this.base}/sales/${i...
         ╵                           [32m~~~~~~~~~~~~~~~[0m


[31mX [41;31m[[41;97mERROR[41;31m][0m [1mTS2300: Duplicate identifier 'MatButtonModule'.[0m [1m[35m[plugin angular-compiler][0m

    src/app/features/settings/settings.component.ts:3:9:
[37m      3 │ import { [32mMatButtonModule[37m } from '@angular/material/button';
        ╵          [32m~~~~~~~~~~~~~~~[0m


[31mX [41;31m[[41;97mERROR[41;31m][0m [1mTS2300: Duplicate identifier 'MatIconModule'.[0m [1m[35m[plugin angular-compiler][0m

    src/app/features/settings/settings.component.ts:4:9:
[37m      4 │ import { [32mMatIconModule[37m } from '@angular/material/icon';
        ╵          [32m~~~~~~~~~~~~~[0m


[31mX [41;31m[[41;97mERROR[41;31m][0m [1mTS2300: Duplicate identifier 'MatButtonModule'.[0m [1m[35m[plugin angular-compiler][0m

    src/app/features/settings/settings.component.ts:11:9:
[37m      11 │ import { [32mMatButtonModule[37m } from '@angular/material/button';
         ╵          [32m~~~~~~~~~~~~~~~[0m


[31mX [41;31m[[41;97mERROR[41;31m][0m [1mTS2300: Duplicate identifier 'MatIconModule'.[0m [1m[35m[plugin angular-compiler][0m

    src/app/features/settings/settings.component.ts:12:9:
[37m      12 │ import { [32mMatIconModule[37m } from '@angular/material/icon';
         ╵          [32m~~~~~~~~~~~~~[0m

[39m[22m
[1m[31m[31mX [41;31m[[41;97mERROR[41;31m][0m [1mTS2304: Cannot find name 'SalesInvoiceDto'.[0m [1m[35m[plugin angular-compiler][0m

    src/app/features/billing/billing.service.ts:90:26:
[37m      90 │     return this.http.post<[32mSalesInvoiceDto[37m>(`${this.base}/sales/${i...
         ╵                           [32m~~~~~~~~~~~~~~~[0m


[31mX [41;31m[[41;97mERROR[41;31m][0m [1mTS2300: Duplicate identifier 'MatButtonModule'.[0m [1m[35m[plugin angular-compiler][0m

    src/app/features/settings/settings.component.ts:3:9:
[37m      3 │ import { [32mMatButtonModule[37m } from '@angular/material/button';
        ╵          [32m~~~~~~~~~~~~~~~[0m


[31mX [41;31m[[41;97mERROR[41;31m][0m [1mTS2300: Duplicate identifier 'MatIconModule'.[0m [1m[35m[plugin angular-compiler][0m

    src/app/features/settings/settings.component.ts:4:9:
[37m      4 │ import { [32mMatIconModule[37m } from '@angular/material/icon';
        ╵          [32m~~~~~~~~~~~~~[0m


[31mX [41;31m[[41;97mERROR[41;31m][0m [1mTS2300: Duplicate identifier 'MatButtonModule'.[0m [1m[35m[plugin angular-compiler][0m

    src/app/features/settings/settings.component.ts:11:9:
[37m      11 │ import { [32mMatButtonModule[37m } from '@angular/material/button';
         ╵          [32m~~~~~~~~~~~~~~~[0m


[31mX [41;31m[[41;97mERROR[41;31m][0m [1mTS2300: Duplicate identifier 'MatIconModule'.[0m [1m[35m[plugin angular-compiler][0m

    src/app/features/settings/settings.component.ts:12:9:
[37m      12 │ import { [32mMatIconModule[37m } from '@angular/material/icon';
         ╵          [32m~~~~~~~~~~~~~[0m

[39m[22m
[1m[31m[31mX [41;31m[[41;97mERROR[41;31m][0m [1mTS2304: Cannot find name 'SalesInvoiceDto'.[0m [1m[35m[plugin angular-compiler][0m

    src/app/features/billing/billing.service.ts:90:26:
[37m      90 │     return this.http.post<[32mSalesInvoiceDto[37m>(`${this.base}/sales/${i...
         ╵                           [32m~~~~~~~~~~~~~~~[0m


[31mX [41;31m[[41;97mERROR[41;31m][0m [1mTS2300: Duplicate identifier 'MatButtonModule'.[0m [1m[35m[plugin angular-compiler][0m

    src/app/features/settings/settings.component.ts:3:9:
[37m      3 │ import { [32mMatButtonModule[37m } from '@angular/material/button';
        ╵          [32m~~~~~~~~~~~~~~~[0m


[31mX [41;31m[[41;97mERROR[41;31m][0m [1mTS2300: Duplicate identifier 'MatIconModule'.[0m [1m[35m[plugin angular-compiler][0m

    src/app/features/settings/settings.component.ts:4:9:
[37m      4 │ import { [32mMatIconModule[37m } from '@angular/material/icon';
        ╵          [32m~~~~~~~~~~~~~[0m


[31mX [41;31m[[41;97mERROR[41;31m][0m [1mTS2300: Duplicate identifier 'MatButtonModule'.[0m [1m[35m[plugin angular-compiler][0m

    src/app/features/settings/settings.component.ts:11:9:
[37m      11 │ import { [32mMatButtonModule[37m } from '@angular/material/button';
         ╵          [32m~~~~~~~~~~~~~~~[0m


[31mX [41;31m[[41;97mERROR[41;31m][0m [1mTS2300: Duplicate identifier 'MatIconModule'.[0m [1m[35m[plugin angular-compiler][0m

    src/app/features/settings/settings.component.ts:12:9:
[37m      12 │ import { [32mMatIconModule[37m } from '@angular/material/icon';
         ╵          [32m~~~~~~~~~~~~~[0m

[39m[22m
[1m[31m[31mX [41;31m[[41;97mERROR[41;31m][0m [1mTS2304: Cannot find name 'SalesInvoiceDto'.[0m [1m[35m[plugin angular-compiler][0m

    src/app/features/billing/billing.service.ts:90:26:
[37m      90 │     return this.http.post<[32mSalesInvoiceDto[37m>(`${this.base}/sales/${i...
         ╵                           [32m~~~~~~~~~~~~~~~[0m


[31mX [41;31m[[41;97mERROR[41;31m][0m [1mTS2300: Duplicate identifier 'MatButtonModule'.[0m [1m[35m[plugin angular-compiler][0m

    src/app/features/settings/settings.component.ts:3:9:
[37m      3 │ import { [32mMatButtonModule[37m } from '@angular/material/button';
        ╵          [32m~~~~~~~~~~~~~~~[0m


[31mX [41;31m[[41;97mERROR[41;31m][0m [1mTS2300: Duplicate identifier 'MatIconModule'.[0m [1m[35m[plugin angular-compiler][0m

    src/app/features/settings/settings.component.ts:4:9:
[37m      4 │ import { [32mMatIconModule[37m } from '@angular/material/icon';
        ╵          [32m~~~~~~~~~~~~~[0m


[31mX [41;31m[[41;97mERROR[41;31m][0m [1mTS2300: Duplicate identifier 'MatButtonModule'.[0m [1m[35m[plugin angular-compiler][0m

    src/app/features/settings/settings.component.ts:11:9:
[37m      11 │ import { [32mMatButtonModule[37m } from '@angular/material/button';
         ╵          [32m~~~~~~~~~~~~~~~[0m


[31mX [41;31m[[41;97mERROR[41;31m][0m [1mTS2300: Duplicate identifier 'MatIconModule'.[0m [1m[35m[plugin angular-compiler][0m

    src/app/features/settings/settings.component.ts:12:9:
[37m      12 │ import { [32mMatIconModule[37m } from '@angular/material/icon';
         ╵          [32m~~~~~~~~~~~~~[0m

[39m[22m
