
> billease-pro-web@1.0.0 start
> ng serve --host 0.0.0.0 --port 4200

> Building...
√ Building...
Initial chunk files | Names                        |  Raw size | Estimated transfer size
chunk-3E5IMLIW.js   | -                            | 236.34 kB |                66.86 kB
main.js             | main                         | 174.68 kB |                29.49 kB
chunk-QA75D3C5.js   | -                            |  73.27 kB |                18.31 kB
chunk-LS5ZYM3J.js   | -                            |  49.70 kB |                14.30 kB
polyfills.js        | polyfills                    |  34.59 kB |                11.33 kB
styles.css          | styles                       |  20.53 kB |                 3.67 kB
chunk-XW2HZIUG.js   | -                            |   2.95 kB |               876 bytes
chunk-CNN7QMDQ.js   | -                            | 895 bytes |               895 bytes
chunk-LUYIDPMF.js   | -                            | 333 bytes |               333 bytes

                    | Initial total                | 593.29 kB |               146.07 kB

Lazy chunk files    | Names                        |  Raw size | Estimated transfer size
chunk-3CJ7R272.js   | customers-component          | 608.75 kB |               101.87 kB
chunk-R7N6XNDQ.js   | -                            | 205.74 kB |                61.62 kB
chunk-Z2XQ4OX3.js   | settings-component           | 100.70 kB |                20.27 kB
chunk-Z54V3QD4.js   | -                            |  73.12 kB |                12.98 kB
chunk-NTQYNG4F.js   | -                            |  68.60 kB |                 9.14 kB
chunk-BTROMUJA.js   | -                            |  55.78 kB |                10.46 kB
chunk-PNFFLSNS.js   | -                            |  51.87 kB |                11.90 kB
chunk-T2VYWPS5.js   | -                            |  43.62 kB |                10.03 kB
chunk-FGGTPSMO.js   | -                            |  33.22 kB |                 8.77 kB
chunk-OTQ6ZDKC.js   | -                            |  28.30 kB |                 4.93 kB
chunk-LYS6IZ6D.js   | billing-new-component        |  24.09 kB |                 6.20 kB
chunk-WKF43AGB.js   | shell-component              |  21.23 kB |                 5.60 kB
chunk-6ANIL2XU.js   | inventory-products-component |  17.17 kB |                 4.13 kB
chunk-3GGXAYYU.js   | reports-workspace-component  |  14.82 kB |                 4.33 kB
chunk-JJSVUBWC.js   | -                            |  12.59 kB |                 3.85 kB
...and 25 more lazy chunks files. Use "--verbose" to show all the files.

Application bundle generation complete. [6.799 seconds] - 2026-08-29T11:04:18.675Z

Watch mode enabled. Watching for file changes...
NOTE: Raw file sizes do not reflect development server per-request transformations.
  ➜  Local:   http://localhost:4200/
  ➜  Network: http://192.168.1.2:4200/
> Changes detected. Rebuilding...
√ Changes detected. Rebuilding...
Initial chunk files | Names                       |  Raw size | Estimated transfer size
main.js             | main                        | 174.68 kB |                29.47 kB

Lazy chunk files    | Names                       |  Raw size | Estimated transfer size
chunk-KXFDT54A.js   | reports-workspace-component |  15.18 kB |                 4.37 kB

Application bundle generation complete. [3.163 seconds] - 2026-08-29T11:24:30.064Z

Component update sent to client(s).
